ASxxxx Linker V03.00 + NoICE + sdld,  page 1.
Hexadecimal  [32-Bits]

Area                                    Addr        Size        Decimal Bytes (Attributes)
--------------------------------        ----        ----        ------- ----- ------------
.  .ABS.                            00000000    00000000 =           0. bytes (ABS,CON)

      Value  Global                              Global Defined In Module
      -----  --------------------------------   ------------------------
     00000000  .__.ABS.                           cpct_video
     00000000  l__DATA                         
     00000001  gravity                            
     0000000B  entity_size                        cpct_keyboard
     00000050  screen_width                       
     000000C8  screen_heigth                      
     000003D0  l__CODE                         
     00004000  s__CODE                         
     000043D0  s__DATA                         
ASxxxx Linker V03.00 + NoICE + sdld,  page 2.
Hexadecimal  [32-Bits]

Area                                    Addr        Size        Decimal Bytes (Attributes)
--------------------------------        ----        ----        ------- ----- ------------
_CODE                               00004000    000003D0 =         976. bytes (REL,CON)

      Value  Global                              Global Defined In Module
      -----  --------------------------------   ------------------------
     00004000  phy_update                         
     00004056  _main                              cpct_keyboard
     00004097  man_entity_getArray                cpct_keyboard
     0000409F  man_entity_init                    cpct_keyboard
     000040AA  man_entity_new                     cpct_keyboard
     000040BB  man_entity_create                  cpct_keyboard
     000040C7  rendersys_Wipe                     
     000040D5  rendersys_init                     
     000040F2  rendersys_update                   
     0000412E  inputsys_init                      cpct_keyboard
     0000412F  inputsys_waitForInput              cpct_keyboard
     0000413C  inputsys_update                    cpct_keyboard
     00004174  _cpct_scanKeyboard_f               cpct_keyboard
     00004174  cpct_scanKeyboard_f_asm            cpct_keyboard
     000041DE  _cpct_isKeyPressed                 cpct_keyboard
     000041DE  cpct_isKeyPressed_asm              cpct_keyboard
     000041EA  cpct_drawSprite_asm                cpct_sprites
     0000428A  _cpct_keyboardStatusBuffer         cpct_keyboard
     00004294  _cpct_isAnyKeyPressed_f            cpct_keyboard
     00004294  cpct_isAnyKeyPressed_f_asm         cpct_keyboard
     000042AF  cpct_zx7b_decrunch_s_asm           cpct_compression
     000042EF  _cpct_waitVSYNC                    cpct_video
     000042EF  cpct_waitVSYNC_asm                 cpct_video
     000042F7  _cpct_disableFirmware              cpct_firmware
     000042F7  _cpct_removeInterruptHandler       cpct_firmware
     000042F7  cpct_disableFirmware_asm           cpct_firmware
     000042F7  cpct_removeInterruptHandler_asm    cpct_firmware
     00004307  cpct_drawSolidBox_asm              cpct_sprites
     000043B3  _cpct_mode_rom_status              cpct_firmware
     000043B4  cpct_getScreenPtr_asm              cpct_video
ASxxxx Linker V03.00 + NoICE + sdld,  page 3.

Files Linked                              [ module(s) ]

obj/entity_manager.h.rel                  [  ]
obj/physics_system.rel                    [  ]
obj/main.rel                              [ cpct_keyboard ]
obj/entity_manager.rel                    [ cpct_keyboard ]
obj/render_system.rel                     [  ]
obj/input_system.rel                      [ cpct_keyboard ]
obj/physics_system.h.rel                  [  ]
obj/render_system.h.rel                   [  ]


Libraries Linked                          [ object file ]

/home/daniel/cpctelera/cpctelera/cpctelera.lib
                                          [ cpct_scanKeyboard_f.rel ]
/home/daniel/cpctelera/cpctelera/cpctelera.lib
                                          [ cpct_isKeyPressed.rel ]
/home/daniel/cpctelera/cpctelera/cpctelera.lib
                                          [ cpct_drawSprite_asmbindings.rel ]
/home/daniel/cpctelera/cpctelera/cpctelera.lib
                                          [ keyboard.rel ]
/home/daniel/cpctelera/cpctelera/cpctelera.lib
                                          [ cpct_isAnyKeyPressed_f.rel ]
/home/daniel/cpctelera/cpctelera/cpctelera.lib
                                          [ cpct_zx7b_decrunch_s_asmbindings ]
/home/daniel/cpctelera/cpctelera/cpctelera.lib
                                          [ cpct_waitVSYNC.rel ]
/home/daniel/cpctelera/cpctelera/cpctelera.lib
                                          [ cpct_removeInterruptHandler.rel ]
/home/daniel/cpctelera/cpctelera/cpctelera.lib
                                          [ cpct_drawSolidBox_asmbindings.re ]
/home/daniel/cpctelera/cpctelera/cpctelera.lib
                                          [ cpc_mode_rom_status.rel ]
/home/daniel/cpctelera/cpctelera/cpctelera.lib
                                          [ cpct_getScreenPtr_asmbindings.re ]

ASxxxx Linker V03.00 + NoICE + sdld,  page 4.

User Base Address Definitions

_CODE = 0x4000
_DATA = 0x0000

