ASxxxx Linker V03.00 + NoICE + sdld,  page 1.
Hexadecimal  [32-Bits]

Area                                    Addr        Size        Decimal Bytes (Attributes)
--------------------------------        ----        ----        ------- ----- ------------
.  .ABS.                            00000000    00000000 =           0. bytes (ABS,CON)

      Value  Global                              Global Defined In Module
      -----  --------------------------------   ------------------------
     00000000  .__.ABS.                           cpct_firmware
     00000000  l__DATA                         
     00000003  max_entities                       
     00000007  entity_size                        
     00000161  l__CODE                         
     00004000  s__CODE                         
     00004161  s__DATA                         

ASxxxx Linker V03.00 + NoICE + sdld,  page 2.
Hexadecimal  [32-Bits]

Area                                    Addr        Size        Decimal Bytes (Attributes)
--------------------------------        ----        ----        ------- ----- ------------
_CODE                               00004000    00000161 =         353. bytes (REL,CON)

      Value  Global                              Global Defined In Module
      -----  --------------------------------   ------------------------
     00004000  _num_entities                      
     00004001  _last_elem_ptr                     
     00004003  _entity_array                      
     00004018  entityman_getEntityArray_IX        
     0000401D  entityman_getNumEntities_A         
     00004021  entityman_create                   
     0000404A  _main                              cpct_keyboard
     00004064  rendersys_init                     
     00004064  rendersys_update                   
     00004088  _cpct_disableFirmware              cpct_firmware
     00004088  _cpct_removeInterruptHandler       cpct_firmware
     00004088  cpct_disableFirmware_asm           cpct_firmware
     00004088  cpct_removeInterruptHandler_asm    cpct_firmware
     00004098  cpct_drawSolidBox_asm              cpct_sprites
     00004144  cpct_getScreenPtr_asm              cpct_video
     00004160  _cpct_mode_rom_status              cpct_firmware

ASxxxx Linker V03.00 + NoICE + sdld,  page 3.

Files Linked                              [ module(s) ]

obj/entity_manager.rel                    [  ]
obj/physics_system.rel                    [  ]
obj/main.rel                              [ cpct_keyboard ]
obj/render_system.rel                     [  ]


Libraries Linked                          [ object file ]

/home/daniel/cpctelera/cpctelera/cpctelera.lib
                                          [ cpct_removeInterruptHandler.rel ]
/home/daniel/cpctelera/cpctelera/cpctelera.lib
                                          [ cpct_drawSolidBox_asmbindings.re ]
/home/daniel/cpctelera/cpctelera/cpctelera.lib
                                          [ cpct_getScreenPtr_asmbindings.re ]
/home/daniel/cpctelera/cpctelera/cpctelera.lib
                                          [ cpc_mode_rom_status.rel ]

ASxxxx Linker V03.00 + NoICE + sdld,  page 4.

User Base Address Definitions

_CODE = 0x4000
_DATA = 0x0000

